Calling fibonacci with input 1
  return value was ========> 2
Calling fibonacci with input 2
  return value was ========> 2
Calling fibonacci with input 3
  return value was ========> 2
Calling fibonacci with input 4
  return value was ========> 3
Calling fibonacci with input 5
  return value was ========> 5
Calling fibonacci with input 6
  return value was ========> 8
Calling fibonacci with input 7
  return value was ========> 13
Calling fibonacci with input 8
  return value was ========> 21
Calling fibonacci with input 9
  return value was ========> 34
Calling fibonacci with input 10
  return value was ========> 55
Calling fibonacci with input 20
  return value was ========> 6765
Calling fibonacci with input 30
  return value was ========> 832040
Calling fibonacci with input 40
  return value was ========> 102334155
